chromium white theme: started.
chromium white theme: passed.
chromium independent model settings: started.
chromium independent model settings: passed.
chromium provider connection recovery: started.
chromium provider connection recovery: passed.
chromium native audio: started.
chromium native audio: finite primer.
chromium native audio: delayed cold Knock.
chromium native audio: unsaved preview.
chromium native audio: delayed saved choices.
chromium native audio: Off and disposal cancellation.
chromium native audio: passed.
chromium active discussion: started.
chromium active discussion: passed.
chromium progress recovery: started.
chromium progress recovery: passed.
chromium acceptance retry: started.
chromium acceptance retry: passed.
chromium model usage: started.
chromium model usage: passed.
chromium private logoff: started.
chromium private logoff: passed.
chromium: password, consent, independent Sol/Astra models and efforts, saved choices, accepted model snapshots, unavailable Sol, compact active composer, avatar-sized Porcelain Stop, draft/image restoration, saved sound hydration, delayed native audio, duplicate suppression, blocked recovery, Off on reload, consultation, lost-response retry with an edited draft and image, outcome, refresh, settings, saved history, mobile layout, voice fallback, offline/connected logout, late-response privacy and locked reload/history passed.
chromium: closing fixture.
